Archive member included to satisfy reference by file (symbol)

c:/st/stm32cubeide_1.7.0/stm32cubeide/plugins/com.st.stm32cube.ide.mcu.externaltools.gnu-tools-for-stm32.9-2020-q2-update.win32_2.0.0.202105311346/tools/bin/../lib/gcc/arm-none-eabi/9.3.1/../../../../arm-none-eabi/lib/thumb/v7-m/nofp\libc_nano.a(lib_a-errno.o)
                              ./Core/Src/syscalls.o (__errno)
c:/st/stm32cubeide_1.7.0/stm32cubeide/plugins/com.st.stm32cube.ide.mcu.externaltools.gnu-tools-for-stm32.9-2020-q2-update.win32_2.0.0.202105311346/tools/bin/../lib/gcc/arm-none-eabi/9.3.1/../../../../arm-none-eabi/lib/thumb/v7-m/nofp\libc_nano.a(lib_a-exit.o)
                              c:/st/stm32cubeide_1.7.0/stm32cubeide/plugins/com.st.stm32cube.ide.mcu.externaltools.gnu-tools-for-stm32.9-2020-q2-update.win32_2.0.0.202105311346/tools/bin/../lib/gcc/arm-none-eabi/9.3.1/../../../../arm-none-eabi/lib/thumb/v7-m/nofp/crt0.o (exit)
c:/st/stm32cubeide_1.7.0/stm32cubeide/plugins/com.st.stm32cube.ide.mcu.externaltools.gnu-tools-for-stm32.9-2020-q2-update.win32_2.0.0.202105311346/tools/bin/../lib/gcc/arm-none-eabi/9.3.1/../../../../arm-none-eabi/lib/thumb/v7-m/nofp\libc_nano.a(lib_a-impure.o)
                              c:/st/stm32cubeide_1.7.0/stm32cubeide/plugins/com.st.stm32cube.ide.mcu.externaltools.gnu-tools-for-stm32.9-2020-q2-update.win32_2.0.0.202105311346/tools/bin/../lib/gcc/arm-none-eabi/9.3.1/../../../../arm-none-eabi/lib/thumb/v7-m/nofp\libc_nano.a(lib_a-exit.o) (_global_impure_ptr)
c:/st/stm32cubeide_1.7.0/stm32cubeide/plugins/com.st.stm32cube.ide.mcu.externaltools.gnu-tools-for-stm32.9-2020-q2-update.win32_2.0.0.202105311346/tools/bin/../lib/gcc/arm-none-eabi/9.3.1/../../../../arm-none-eabi/lib/thumb/v7-m/nofp\libc_nano.a(lib_a-init.o)
                              c:/st/stm32cubeide_1.7.0/stm32cubeide/plugins/com.st.stm32cube.ide.mcu.externaltools.gnu-tools-for-stm32.9-2020-q2-update.win32_2.0.0.202105311346/tools/bin/../lib/gcc/arm-none-eabi/9.3.1/../../../../arm-none-eabi/lib/thumb/v7-m/nofp/crt0.o (__libc_init_array)
c:/st/stm32cubeide_1.7.0/stm32cubeide/plugins/com.st.stm32cube.ide.mcu.externaltools.gnu-tools-for-stm32.9-2020-q2-update.win32_2.0.0.202105311346/tools/bin/../lib/gcc/arm-none-eabi/9.3.1/../../../../arm-none-eabi/lib/thumb/v7-m/nofp\libc_nano.a(lib_a-memset.o)
                              c:/st/stm32cubeide_1.7.0/stm32cubeide/plugins/com.st.stm32cube.ide.mcu.externaltools.gnu-tools-for-stm32.9-2020-q2-update.win32_2.0.0.202105311346/tools/bin/../lib/gcc/arm-none-eabi/9.3.1/../../../../arm-none-eabi/lib/thumb/v7-m/nofp/crt0.o (memset)

Allocating common symbols
Common symbol       size              file

uwTick              0x4               ./Drivers/STM32F1xx_HAL_Driver/Src/stm32f1xx_hal.o
pFlash              0x20              ./Drivers/STM32F1xx_HAL_Driver/Src/stm32f1xx_hal_flash.o
htim2               0x48              ./Core/Src/main.o

Discarded input sections

 .text          0x0000000000000000        0x0 c:/st/stm32cubeide_1.7.0/stm32cubeide/plugins/com.st.stm32cube.ide.mcu.externaltools.gnu-tools-for-stm32.9-2020-q2-update.win32_2.0.0.202105311346/tools/bin/../lib/gcc/arm-none-eabi/9.3.1/thumb/v7-m/nofp/crti.o
 .data          0x0000000000000000        0x0 c:/st/stm32cubeide_1.7.0/stm32cubeide/plugins/com.st.stm32cube.ide.mcu.externaltools.gnu-tools-for-stm32.9-2020-q2-update.win32_2.0.0.202105311346/tools/bin/../lib/gcc/arm-none-eabi/9.3.1/thumb/v7-m/nofp/crti.o
 .bss           0x0000000000000000        0x0 c:/st/stm32cubeide_1.7.0/stm32cubeide/plugins/com.st.stm32cube.ide.mcu.externaltools.gnu-tools-for-stm32.9-2020-q2-update.win32_2.0.0.202105311346/tools/bin/../lib/gcc/arm-none-eabi/9.3.1/thumb/v7-m/nofp/crti.o
 .data          0x0000000000000000        0x4 c:/st/stm32cubeide_1.7.0/stm32cubeide/plugins/com.st.stm32cube.ide.mcu.externaltools.gnu-tools-for-stm32.9-2020-q2-update.win32_2.0.0.202105311346/tools/bin/../lib/gcc/arm-none-eabi/9.3.1/thumb/v7-m/nofp/crtbegin.o
 .text          0x0000000000000000       0x7c c:/st/stm32cubeide_1.7.0/stm32cubeide/plugins/com.st.stm32cube.ide.mcu.externaltools.gnu-tools-for-stm32.9-2020-q2-update.win32_2.0.0.202105311346/tools/bin/../lib/gcc/arm-none-eabi/9.3.1/../../../../arm-none-eabi/lib/thumb/v7-m/nofp/crt0.o
 .data          0x0000000000000000        0x0 c:/st/stm32cubeide_1.7.0/stm32cubeide/plugins/com.st.stm32cube.ide.mcu.externaltools.gnu-tools-for-stm32.9-2020-q2-update.win32_2.0.0.202105311346/tools/bin/../lib/gcc/arm-none-eabi/9.3.1/../../../../arm-none-eabi/lib/thumb/v7-m/nofp/crt0.o
 .bss           0x0000000000000000        0x0 c:/st/stm32cubeide_1.7.0/stm32cubeide/plugins/com.st.stm32cube.ide.mcu.externaltools.gnu-tools-for-stm32.9-2020-q2-update.win32_2.0.0.202105311346/tools/bin/../lib/gcc/arm-none-eabi/9.3.1/../../../../arm-none-eabi/lib/thumb/v7-m/nofp/crt0.o
[...]
Memory Configuration

Name             Origin             Length             Attributes
RAM              0x0000000020000000 0x0000000000002800 xrw
FLASH            0x0000000008000000 0x0000000000008000 xr
*default*        0x0000000000000000 0xffffffffffffffff

Linker script and memory map

LOAD c:/st/stm32cubeide_1.7.0/stm32cubeide/plugins/com.st.stm32cube.ide.mcu.externaltools.gnu-tools-for-stm32.9-2020-q2-update.win32_2.0.0.202105311346/tools/bin/../lib/gcc/arm-none-eabi/9.3.1/thumb/v7-m/nofp/crti.o
LOAD c:/st/stm32cubeide_1.7.0/stm32cubeide/plugins/com.st.stm32cube.ide.mcu.externaltools.gnu-tools-for-stm32.9-2020-q2-update.win32_2.0.0.202105311346/tools/bin/../lib/gcc/arm-none-eabi/9.3.1/thumb/v7-m/nofp/crtbegin.o
LOAD c:/st/stm32cubeide_1.7.0/stm32cubeide/plugins/com.st.stm32cube.ide.mcu.externaltools.gnu-tools-for-stm32.9-2020-q2-update.win32_2.0.0.202105311346/tools/bin/../lib/gcc/arm-none-eabi/9.3.1/../../../../arm-none-eabi/lib/thumb/v7-m/nofp/crt0.o
LOAD ./Core/Src/button.o
LOAD ./Core/Src/fsm_automatic.o
LOAD ./Core/Src/fsm_manual.o
LOAD ./Core/Src/global.o
LOAD ./Core/Src/leg7_seg.o
LOAD ./Core/Src/main.o
LOAD ./Core/Src/software_timer.o
LOAD ./Core/Src/stm32f1xx_hal_msp.o
LOAD ./Core/Src/stm32f1xx_it.o
LOAD ./Core/Src/syscalls.o
LOAD ./Core/Src/sysmem.o
LOAD ./Core/Src/system_stm32f1xx.o
LOAD ./Core/Src/traffic_light.o
LOAD ./Core/Startup/startup_stm32f103c6tx.o
LOAD ./Drivers/STM32F1xx_HAL_Driver/Src/stm32f1xx_hal.o
LOAD ./Drivers/STM32F1xx_HAL_Driver/Src/stm32f1xx_hal_cortex.o
LOAD ./Drivers/STM32F1xx_HAL_Driver/Src/stm32f1xx_hal_dma.o
LOAD ./Drivers/STM32F1xx_HAL_Driver/Src/stm32f1xx_hal_exti.o
LOAD ./Drivers/STM32F1xx_HAL_Driver/Src/stm32f1xx_hal_flash.o
LOAD ./Drivers/STM32F1xx_HAL_Driver/Src/stm32f1xx_hal_flash_ex.o
LOAD ./Drivers/STM32F1xx_HAL_Driver/Src/stm32f1xx_hal_gpio.o
LOAD ./Drivers/STM32F1xx_HAL_Driver/Src/stm32f1xx_hal_gpio_ex.o
LOAD ./Drivers/STM32F1xx_HAL_Driver/Src/stm32f1xx_hal_pwr.o
LOAD ./Drivers/STM32F1xx_HAL_Driver/Src/stm32f1xx_hal_rcc.o
LOAD ./Drivers/STM32F1xx_HAL_Driver/Src/stm32f1xx_hal_rcc_ex.o
LOAD ./Drivers/STM32F1xx_HAL_Driver/Src/stm32f1xx_hal_tim.o
LOAD ./Drivers/STM32F1xx_HAL_Driver/Src/stm32f1xx_hal_tim_ex.o
START GROUP
LOAD c:/st/stm32cubeide_1.7.0/stm32cubeide/plugins/com.st.stm32cube.ide.mcu.externaltools.gnu-tools-for-stm32.9-2020-q2-update.win32_2.0.0.202105311346/tools/bin/../lib/gcc/arm-none-eabi/9.3.1/../../../../arm-none-eabi/lib/thumb/v7-m/nofp\libc_nano.a
LOAD c:/st/stm32cubeide_1.7.0/stm32cubeide/plugins/com.st.stm32cube.ide.mcu.externaltools.gnu-tools-for-stm32.9-2020-q2-update.win32_2.0.0.202105311346/tools/bin/../lib/gcc/arm-none-eabi/9.3.1/../../../../arm-none-eabi/lib/thumb/v7-m/nofp\libm.a
END GROUP
START GROUP
LOAD c:/st/stm32cubeide_1.7.0/stm32cubeide/plugins/com.st.stm32cube.ide.mcu.externaltools.gnu-tools-for-stm32.9-2020-q2-update.win32_2.0.0.202105311346/tools/bin/../lib/gcc/arm-none-eabi/9.3.1/thumb/v7-m/nofp\libgcc.a
LOAD c:/st/stm32cubeide_1.7.0/stm32cubeide/plugins/com.st.stm32cube.ide.mcu.externaltools.gnu-tools-for-stm32.9-2020-q2-update.win32_2.0.0.202105311346/tools/bin/../lib/gcc/arm-none-eabi/9.3.1/../../../../arm-none-eabi/lib/thumb/v7-m/nofp\libc_nano.a
END GROUP
START GROUP
LOAD c:/st/stm32cubeide_1.7.0/stm32cubeide/plugins/com.st.stm32cube.ide.mcu.externaltools.gnu-tools-for-stm32.9-2020-q2-update.win32_2.0.0.202105311346/tools/bin/../lib/gcc/arm-none-eabi/9.3.1/thumb/v7-m/nofp\libgcc.a
LOAD c:/st/stm32cubeide_1.7.0/stm32cubeide/plugins/com.st.stm32cube.ide.mcu.externaltools.gnu-tools-for-stm32.9-2020-q2-update.win32_2.0.0.202105311346/tools/bin/../lib/gcc/arm-none-eabi/9.3.1/../../../../arm-none-eabi/lib/thumb/v7-m/nofp\libc_nano.a
LOAD c:/st/stm32cubeide_1.7.0/stm32cubeide/plugins/com.st.stm32cube.ide.mcu.externaltools.gnu-tools-for-stm32.9-2020-q2-update.win32_2.0.0.202105311346/tools/bin/../lib/gcc/arm-none-eabi/9.3.1/../../../../arm-none-eabi/lib/thumb/v7-m/nofp\libnosys.a
END GROUP
START GROUP
LOAD c:/st/stm32cubeide_1.7.0/stm32cubeide/plugins/com.st.stm32cube.ide.mcu.externaltools.gnu-tools-for-stm32.9-2020-q2-update.win32_2.0.0.202105311346/tools/bin/../lib/gcc/arm-none-eabi/9.3.1/thumb/v7-m/nofp\libgcc.a
LOAD c:/st/stm32cubeide_1.7.0/stm32cubeide/plugins/com.st.stm32cube.ide.mcu.externaltools.gnu-tools-for-stm32.9-2020-q2-update.win32_2.0.0.202105311346/tools/bin/../lib/gcc/arm-none-eabi/9.3.1/../../../../arm-none-eabi/lib/thumb/v7-m/nofp\libc_nano.a
LOAD c:/st/stm32cubeide_1.7.0/stm32cubeide/plugins/com.st.stm32cube.ide.mcu.externaltools.gnu-tools-for-stm32.9-2020-q2-update.win32_2.0.0.202105311346/tools/bin/../lib/gcc/arm-none-eabi/9.3.1/../../../../arm-none-eabi/lib/thumb/v7-m/nofp\libnosys.a
END GROUP
LOAD c:/st/stm32cubeide_1.7.0/stm32cubeide/plugins/com.st.stm32cube.ide.mcu.externaltools.gnu-tools-for-stm32.9-2020-q2-update.win32_2.0.0.202105311346/tools/bin/../lib/gcc/arm-none-eabi/9.3.1/thumb/v7-m/nofp/crtend.o
LOAD c:/st/stm32cubeide_1.7.0/stm32cubeide/plugins/com.st.stm32cube.ide.mcu.externaltools.gnu-tools-for-stm32.9-2020-q2-update.win32_2.0.0.202105311346/tools/bin/../lib/gcc/arm-none-eabi/9.3.1/thumb/v7-m/nofp/crtn.o
                0x0000000020002800                _estack = (ORIGIN (RAM) + LENGTH (RAM))
                0x0000000000000200                _Min_Heap_Size = 0x200
                0x0000000000000400                _Min_Stack_Size = 0x400

.isr_vector     0x0000000008000000      0x10c
                0x0000000008000000                . = ALIGN (0x4)
 *(.isr_vector)
 .isr_vector    0x0000000008000000      0x10c ./Core/Startup/startup_stm32f103c6tx.o
                0x0000000008000000                g_pfnVectors
                0x000000000800010c                . = ALIGN (0x4)

.text           0x000000000800010c     0x2f58
                0x000000000800010c                . = ALIGN (0x4)
 *(.text)
 .text          0x000000000800010c       0x40 c:/st/stm32cubeide_1.7.0/stm32cubeide/plugins/com.st.stm32cube.ide.mcu.externaltools.gnu-tools-for-stm32.9-2020-q2-update.win32_2.0.0.202105311346/tools/bin/../lib/gcc/arm-none-eabi/9.3.1/thumb/v7-m/nofp/crtbegin.o
 *(.text*)
 .text.isButtonPressed
                0x000000000800014c       0x34 ./Core/Src/button.o
                0x000000000800014c                isButtonPressed
 .text.fsm_automatic
                0x0000000008000180      0x1bc ./Core/Src/fsm_automatic.o
                0x0000000008000180                fsm_automatic
 .text.modifyMode
                0x000000000800033c       0xf0 ./Core/Src/fsm_manual.o
                0x000000000800033c                modifyMode
 .text.fsm_manual
                0x000000000800042c      0x228 ./Core/Src/fsm_manual.o
                0x000000000800042c                fsm_manual
 .text.display7SEG_horizontal
                0x0000000008000654      0x31c ./Core/Src/leg7_seg.o
                0x0000000008000654                display7SEG_horizontal
 .text.display7SEG_vertical
                0x0000000008000970      0x394 ./Core/Src/leg7_seg.o
                0x0000000008000970                display7SEG_vertical
 .text.update7SEG
                0x0000000008000d04       0x88 ./Core/Src/leg7_seg.o
                0x0000000008000d04                update7SEG
 .text.updateBuffer
                0x0000000008000d8c       0xb8 ./Core/Src/leg7_seg.o
                0x0000000008000d8c                updateBuffer
 .text.countdown7SEG
                0x0000000008000e44      0x138 ./Core/Src/leg7_seg.o
                0x0000000008000e44                countdown7SEG
 .text.led7SEG_YR
                0x0000000008000f7c       0xb4 ./Core/Src/leg7_seg.o
                0x0000000008000f7c                led7SEG_YR
 .text.led7SEG_GR
                0x0000000008001030       0xb4 ./Core/Src/leg7_seg.o
                0x0000000008001030                led7SEG_GR
 .text.led7SEG_RY
                0x00000000080010e4       0xb4 ./Core/Src/leg7_seg.o
                0x00000000080010e4                led7SEG_RY
 .text.led7SEG_RG
                0x0000000008001198       0xb4 ./Core/Src/leg7_seg.o
                0x0000000008001198                led7SEG_RG
 .text.display7SEG
                0x000000000800124c       0x48 ./Core/Src/leg7_seg.o
                0x000000000800124c                display7SEG
 .text.main     0x0000000008001294       0x24 ./Core/Src/main.o
                0x0000000008001294                main
 .text.SystemClock_Config
                0x00000000080012b8       0x76 ./Core/Src/main.o
                0x00000000080012b8                SystemClock_Config
 *fill*         0x000000000800132e        0x2 
 .text.MX_TIM2_Init
                0x0000000008001330       0x98 ./Core/Src/main.o
 .text.MX_GPIO_Init
                0x00000000080013c8       0xc8 ./Core/Src/main.o
 .text.HAL_TIM_PeriodElapsedCallback
                0x0000000008001490       0x14 ./Core/Src/main.o
                0x0000000008001490                HAL_TIM_PeriodElapsedCallback
 .text.Error_Handler
                0x00000000080014a4        0xa ./Core/Src/main.o
                0x00000000080014a4                Error_Handler
 *fill*         0x00000000080014ae        0x2 
 .text.setTimer1
                0x00000000080014b0       0x34 ./Core/Src/software_timer.o
                0x00000000080014b0                setTimer1
 .text.setTimer2
                0x00000000080014e4       0x34 ./Core/Src/software_timer.o
                0x00000000080014e4                setTimer2
 .text.setTimer3
                0x0000000008001518       0x34 ./Core/Src/software_timer.o
                0x0000000008001518                setTimer3
 .text.setTimer4
                0x000000000800154c       0x34 ./Core/Src/software_timer.o
                0x000000000800154c                setTimer4
 .text.setTimer10
                0x0000000008001580       0x34 ./Core/Src/software_timer.o
                0x0000000008001580                setTimer10
 .text.timerRun
                0x00000000080015b4      0x19c ./Core/Src/software_timer.o
                0x00000000080015b4                timerRun
 .text.HAL_MspInit
                0x0000000008001750       0x64 ./Core/Src/stm32f1xx_hal_msp.o
                0x0000000008001750                HAL_MspInit
 .text.HAL_TIM_Base_MspInit
                0x00000000080017b4       0x48 ./Core/Src/stm32f1xx_hal_msp.o
                0x00000000080017b4                HAL_TIM_Base_MspInit
 .text.NMI_Handler
                0x00000000080017fc        0x6 ./Core/Src/stm32f1xx_it.o
                0x00000000080017fc                NMI_Handler
 .text.HardFault_Handler
                0x0000000008001802        0x6 ./Core/Src/stm32f1xx_it.o
                0x0000000008001802                HardFault_Handler
 .text.MemManage_Handler
                0x0000000008001808        0x6 ./Core/Src/stm32f1xx_it.o
                0x0000000008001808                MemManage_Handler
 .text.BusFault_Handler
                0x000000000800180e        0x6 ./Core/Src/stm32f1xx_it.o
                0x000000000800180e                BusFault_Handler
 .text.UsageFault_Handler
                0x0000000008001814        0x6 ./Core/Src/stm32f1xx_it.o
                0x0000000008001814                UsageFault_Handler
 .text.SVC_Handler
                0x000000000800181a        0xc ./Core/Src/stm32f1xx_it.o
                0x000000000800181a                SVC_Handler
 .text.DebugMon_Handler
                0x0000000008001826        0xc ./Core/Src/stm32f1xx_it.o
                0x0000000008001826                DebugMon_Handler
 .text.PendSV_Handler
                0x0000000008001832        0xc ./Core/Src/stm32f1xx_it.o
                0x0000000008001832                PendSV_Handler
 .text.SysTick_Handler
                0x000000000800183e        0xc ./Core/Src/stm32f1xx_it.o
                0x000000000800183e                SysTick_Handler
 *fill*         0x000000000800184a        0x2 
 .text.TIM2_IRQHandler
                0x000000000800184c       0x14 ./Core/Src/stm32f1xx_it.o
                0x000000000800184c                TIM2_IRQHandler
 .text.SystemInit
                0x0000000008001860        0xc ./Core/Src/system_stm32f1xx.o
                0x0000000008001860                SystemInit
 .text.toggleLedRed
                0x000000000800186c       0x14 ./Core/Src/traffic_light.o
                0x000000000800186c                toggleLedRed
 .text.toggleAllRed
                0x0000000008001880       0x20 ./Core/Src/traffic_light.o
                0x0000000008001880                toggleAllRed
 .text.toggleAllGreen
                0x00000000080018a0       0x20 ./Core/Src/traffic_light.o
                0x00000000080018a0                toggleAllGreen
 .text.toggleAllYellow
                0x00000000080018c0       0x20 ./Core/Src/traffic_light.o
                0x00000000080018c0                toggleAllYellow
 .text.setRedAGreenB
                0x00000000080018e0       0x48 ./Core/Src/traffic_light.o
                0x00000000080018e0                setRedAGreenB
 .text.setRedAYellowB
                0x0000000008001928       0x48 ./Core/Src/traffic_light.o
                0x0000000008001928                setRedAYellowB
 .text.setGreenARedB
                0x0000000008001970       0x48 ./Core/Src/traffic_light.o
                0x0000000008001970                setGreenARedB
 .text.setYellowARedB
                0x00000000080019b8       0x48 ./Core/Src/traffic_light.o
                0x00000000080019b8                setYellowARedB
 .text.Reset_Handler
                0x0000000008001a00       0x48 ./Core/Startup/startup_stm32f103c6tx.o
                0x0000000008001a00                Reset_Handler
 .text.Default_Handler
                0x0000000008001a48        0x2 ./Core/Startup/startup_stm32f103c6tx.o
                0x0000000008001a48                RTC_Alarm_IRQHandler
                0x0000000008001a48                EXTI2_IRQHandler
                0x0000000008001a48                TIM1_CC_IRQHandler
                0x0000000008001a48                PVD_IRQHandler
                0x0000000008001a48                EXTI3_IRQHandler
                0x0000000008001a48                EXTI0_IRQHandler
                0x0000000008001a48                ADC1_2_IRQHandler
                0x0000000008001a48                SPI1_IRQHandler
                0x0000000008001a48                TAMPER_IRQHandler
                0x0000000008001a48                DMA1_Channel4_IRQHandler
                0x0000000008001a48                RTC_IRQHandler
                0x0000000008001a48                DMA1_Channel7_IRQHandler
                0x0000000008001a48                CAN1_RX1_IRQHandler
                0x0000000008001a48                I2C1_EV_IRQHandler
                0x0000000008001a48                DMA1_Channel6_IRQHandler
                0x0000000008001a48                TIM3_IRQHandler
                0x0000000008001a48                RCC_IRQHandler
                0x0000000008001a48                TIM1_TRG_COM_IRQHandler
                0x0000000008001a48                DMA1_Channel1_IRQHandler
                0x0000000008001a48                Default_Handler
                0x0000000008001a48                EXTI15_10_IRQHandler
                0x0000000008001a48                EXTI9_5_IRQHandler
                0x0000000008001a48                DMA1_Channel5_IRQHandler
                0x0000000008001a48                EXTI4_IRQHandler
                0x0000000008001a48                USB_LP_CAN1_RX0_IRQHandler
                0x0000000008001a48                USB_HP_CAN1_TX_IRQHandler
                0x0000000008001a48                DMA1_Channel3_IRQHandler
                0x0000000008001a48                TIM1_UP_IRQHandler
                0x0000000008001a48                WWDG_IRQHandler
                0x0000000008001a48                TIM1_BRK_IRQHandler
                0x0000000008001a48                EXTI1_IRQHandler
                0x0000000008001a48                USART2_IRQHandler
                0x0000000008001a48                DMA1_Channel2_IRQHandler
                0x0000000008001a48                CAN1_SCE_IRQHandler
                0x0000000008001a48                FLASH_IRQHandler
                0x0000000008001a48                USART1_IRQHandler
                0x0000000008001a48                I2C1_ER_IRQHandler
                0x0000000008001a48                USBWakeUp_IRQHandler
 *fill*         0x0000000008001a4a        0x2 
 .text.HAL_Init
                0x0000000008001a4c       0x2c ./Drivers/STM32F1xx_HAL_Driver/Src/stm32f1xx_hal.o
                0x0000000008001a4c                HAL_Init
 .text.HAL_InitTick
                0x0000000008001a78       0x60 ./Drivers/STM32F1xx_HAL_Driver/Src/stm32f1xx_hal.o
                0x0000000008001a78                HAL_InitTick
 .text.HAL_IncTick
                0x0000000008001ad8       0x24 ./Drivers/STM32F1xx_HAL_Driver/Src/stm32f1xx_hal.o
                0x0000000008001ad8                HAL_IncTick
 .text.HAL_GetTick
                0x0000000008001afc       0x14 ./Drivers/STM32F1xx_HAL_Driver/Src/stm32f1xx_hal.o
                0x0000000008001afc                HAL_GetTick
 .text.__NVIC_SetPriorityGrouping
                0x0000000008001b10       0x48 ./Drivers/STM32F1xx_HAL_Driver/Src/stm32f1xx_hal_cortex.o
 .text.__NVIC_GetPriorityGrouping
                0x0000000008001b58       0x1c ./Drivers/STM32F1xx_HAL_Driver/Src/stm32f1xx_hal_cortex.o
 .text.__NVIC_EnableIRQ
                0x0000000008001b74       0x38 ./Drivers/STM32F1xx_HAL_Driver/Src/stm32f1xx_hal_cortex.o
 .text.__NVIC_SetPriority
                0x0000000008001bac       0x54 ./Drivers/STM32F1xx_HAL_Driver/Src/stm32f1xx_hal_cortex.o
 .text.NVIC_EncodePriority
                0x0000000008001c00       0x64 ./Drivers/STM32F1xx_HAL_Driver/Src/stm32f1xx_hal_cortex.o
 .text.SysTick_Config
                0x0000000008001c64       0x44 ./Drivers/STM32F1xx_HAL_Driver/Src/stm32f1xx_hal_cortex.o
 .text.HAL_NVIC_SetPriorityGrouping
                0x0000000008001ca8       0x16 ./Drivers/STM32F1xx_HAL_Driver/Src/stm32f1xx_hal_cortex.o
                0x0000000008001ca8                HAL_NVIC_SetPriorityGrouping
 .text.HAL_NVIC_SetPriority
                0x0000000008001cbe       0x38 ./Drivers/STM32F1xx_HAL_Driver/Src/stm32f1xx_hal_cortex.o
                0x0000000008001cbe                HAL_NVIC_SetPriority
 .text.HAL_NVIC_EnableIRQ
                0x0000000008001cf6       0x1c ./Drivers/STM32F1xx_HAL_Driver/Src/stm32f1xx_hal_cortex.o
                0x0000000008001cf6                HAL_NVIC_EnableIRQ
 .text.HAL_SYSTICK_Config
                0x0000000008001d12       0x18 ./Drivers/STM32F1xx_HAL_Driver/Src/stm32f1xx_hal_cortex.o
                0x0000000008001d12                HAL_SYSTICK_Config
 *fill*         0x0000000008001d2a        0x2 
 .text.HAL_GPIO_Init
                0x0000000008001d2c      0x2f4 ./Drivers/STM32F1xx_HAL_Driver/Src/stm32f1xx_hal_gpio.o
                0x0000000008001d2c                HAL_GPIO_Init
 .text.HAL_GPIO_WritePin
                0x0000000008002020       0x30 ./Drivers/STM32F1xx_HAL_Driver/Src/stm32f1xx_hal_gpio.o
                0x0000000008002020                HAL_GPIO_WritePin
 .text.HAL_GPIO_TogglePin
                0x0000000008002050       0x32 ./Drivers/STM32F1xx_HAL_Driver/Src/stm32f1xx_hal_gpio.o
                0x0000000008002050                HAL_GPIO_TogglePin
 *fill*         0x0000000008002082        0x2 
 .text.HAL_RCC_OscConfig
                0x0000000008002084      0x500 ./Drivers/STM32F1xx_HAL_Driver/Src/stm32f1xx_hal_rcc.o
                0x0000000008002084                HAL_RCC_OscConfig
 .text.HAL_RCC_ClockConfig
                0x0000000008002584      0x1d4 ./Drivers/STM32F1xx_HAL_Driver/Src/stm32f1xx_hal_rcc.o
                0x0000000008002584                HAL_RCC_ClockConfig
 .text.HAL_RCC_GetSysClockFreq
                0x0000000008002758       0xa8 ./Drivers/STM32F1xx_HAL_Driver/Src/stm32f1xx_hal_rcc.o
                0x0000000008002758                HAL_RCC_GetSysClockFreq
 .text.RCC_Delay
                0x0000000008002800       0x3c ./Drivers/STM32F1xx_HAL_Driver/Src/stm32f1xx_hal_rcc.o
 .text.HAL_TIM_Base_Init
                0x000000000800283c       0x9e ./Drivers/STM32F1xx_HAL_Driver/Src/stm32f1xx_hal_tim.o
                0x000000000800283c                HAL_TIM_Base_Init
 *fill*         0x00000000080028da        0x2 
 .text.HAL_TIM_Base_Start_IT
                0x00000000080028dc       0x98 ./Drivers/STM32F1xx_HAL_Driver/Src/stm32f1xx_hal_tim.o
                0x00000000080028dc                HAL_TIM_Base_Start_IT
 .text.HAL_TIM_IRQHandler
                0x0000000008002974      0x1e0 ./Drivers/STM32F1xx_HAL_Driver/Src/stm32f1xx_hal_tim.o
                0x0000000008002974                HAL_TIM_IRQHandler
 .text.HAL_TIM_ConfigClockSource
                0x0000000008002b54      0x18e ./Drivers/STM32F1xx_HAL_Driver/Src/stm32f1xx_hal_tim.o
                0x0000000008002b54                HAL_TIM_ConfigClockSource
 .text.HAL_TIM_OC_DelayElapsedCallback
                0x0000000008002ce2       0x12 ./Drivers/STM32F1xx_HAL_Driver/Src/stm32f1xx_hal_tim.o
                0x0000000008002ce2                HAL_TIM_OC_DelayElapsedCallback
 .text.HAL_TIM_IC_CaptureCallback
                0x0000000008002cf4       0x12 ./Drivers/STM32F1xx_HAL_Driver/Src/stm32f1xx_hal_tim.o
                0x0000000008002cf4                HAL_TIM_IC_CaptureCallback
 .text.HAL_TIM_PWM_PulseFinishedCallback
                0x0000000008002d06       0x12 ./Drivers/STM32F1xx_HAL_Driver/Src/stm32f1xx_hal_tim.o
                0x0000000008002d06                HAL_TIM_PWM_PulseFinishedCallback
 .text.HAL_TIM_TriggerCallback
                0x0000000008002d18       0x12 ./Drivers/STM32F1xx_HAL_Driver/Src/stm32f1xx_hal_tim.o
                0x0000000008002d18                HAL_TIM_TriggerCallback
 *fill*         0x0000000008002d2a        0x2 
 .text.TIM_Base_SetConfig
                0x0000000008002d2c       0xc8 ./Drivers/STM32F1xx_HAL_Driver/Src/stm32f1xx_hal_tim.o
                0x0000000008002d2c                TIM_Base_SetConfig
 .text.TIM_TI1_ConfigInputStage
                0x0000000008002df4       0x5c ./Drivers/STM32F1xx_HAL_Driver/Src/stm32f1xx_hal_tim.o
 .text.TIM_TI2_ConfigInputStage
                0x0000000008002e50       0x5e ./Drivers/STM32F1xx_HAL_Driver/Src/stm32f1xx_hal_tim.o
 .text.TIM_ITRx_SetConfig
                0x0000000008002eae       0x34 ./Drivers/STM32F1xx_HAL_Driver/Src/stm32f1xx_hal_tim.o
 .text.TIM_ETR_SetConfig
                0x0000000008002ee2       0x3e ./Drivers/STM32F1xx_HAL_Driver/Src/stm32f1xx_hal_tim.o
                0x0000000008002ee2                TIM_ETR_SetConfig
 .text.HAL_TIMEx_MasterConfigSynchronization
                0x0000000008002f20       0xb0 ./Drivers/STM32F1xx_HAL_Driver/Src/stm32f1xx_hal_tim_ex.o
                0x0000000008002f20                HAL_TIMEx_MasterConfigSynchronization
 .text.HAL_TIMEx_CommutCallback
                0x0000000008002fd0       0x12 ./Drivers/STM32F1xx_HAL_Driver/Src/stm32f1xx_hal_tim_ex.o
                0x0000000008002fd0                HAL_TIMEx_CommutCallback
 .text.HAL_TIMEx_BreakCallback
                0x0000000008002fe2       0x12 ./Drivers/STM32F1xx_HAL_Driver/Src/stm32f1xx_hal_tim_ex.o
                0x0000000008002fe2                HAL_TIMEx_BreakCallback
 .text.__libc_init_array
                0x0000000008002ff4       0x48 c:/st/stm32cubeide_1.7.0/stm32cubeide/plugins/com.st.stm32cube.ide.mcu.externaltools.gnu-tools-for-stm32.9-2020-q2-update.win32_2.0.0.202105311346/tools/bin/../lib/gcc/arm-none-eabi/9.3.1/../../../../arm-none-eabi/lib/thumb/v7-m/nofp\libc_nano.a(lib_a-init.o)
                0x0000000008002ff4                __libc_init_array
 .text.memset   0x000000000800303c       0x10 c:/st/stm32cubeide_1.7.0/stm32cubeide/plugins/com.st.stm32cube.ide.mcu.externaltools.gnu-tools-for-stm32.9-2020-q2-update.win32_2.0.0.202105311346/tools/bin/../lib/gcc/arm-none-eabi/9.3.1/../../../../arm-none-eabi/lib/thumb/v7-m/nofp\libc_nano.a(lib_a-memset.o)
                0x000000000800303c                memset
 *(.glue_7)
 .glue_7        0x000000000800304c        0x0 linker stubs
 *(.glue_7t)
 .glue_7t       0x000000000800304c        0x0 linker stubs
 *(.eh_frame)
 .eh_frame      0x000000000800304c        0x0 c:/st/stm32cubeide_1.7.0/stm32cubeide/plugins/com.st.stm32cube.ide.mcu.externaltools.gnu-tools-for-stm32.9-2020-q2-update.win32_2.0.0.202105311346/tools/bin/../lib/gcc/arm-none-eabi/9.3.1/thumb/v7-m/nofp/crtbegin.o
 *(.init)
 .init          0x000000000800304c        0x4 c:/st/stm32cubeide_1.7.0/stm32cubeide/plugins/com.st.stm32cube.ide.mcu.externaltools.gnu-tools-for-stm32.9-2020-q2-update.win32_2.0.0.202105311346/tools/bin/../lib/gcc/arm-none-eabi/9.3.1/thumb/v7-m/nofp/crti.o
                0x000000000800304c                _init
 .init          0x0000000008003050        0x8 c:/st/stm32cubeide_1.7.0/stm32cubeide/plugins/com.st.stm32cube.ide.mcu.externaltools.gnu-tools-for-stm32.9-2020-q2-update.win32_2.0.0.202105311346/tools/bin/../lib/gcc/arm-none-eabi/9.3.1/thumb/v7-m/nofp/crtn.o
 *(.fini)
 .fini          0x0000000008003058        0x4 c:/st/stm32cubeide_1.7.0/stm32cubeide/plugins/com.st.stm32cube.ide.mcu.externaltools.gnu-tools-for-stm32.9-2020-q2-update.win32_2.0.0.202105311346/tools/bin/../lib/gcc/arm-none-eabi/9.3.1/thumb/v7-m/nofp/crti.o
                0x0000000008003058                _fini
 .fini          0x000000000800305c        0x8 c:/st/stm32cubeide_1.7.0/stm32cubeide/plugins/com.st.stm32cube.ide.mcu.externaltools.gnu-tools-for-stm32.9-2020-q2-update.win32_2.0.0.202105311346/tools/bin/../lib/gcc/arm-none-eabi/9.3.1/thumb/v7-m/nofp/crtn.o
                0x0000000008003064                . = ALIGN (0x4)
                0x0000000008003064                _etext = .

.vfp11_veneer   0x0000000008003064        0x0
 .vfp11_veneer  0x0000000008003064        0x0 linker stubs

.v4_bx          0x0000000008003064        0x0
 .v4_bx         0x0000000008003064        0x0 linker stubs

.iplt           0x0000000008003064        0x0
 .iplt          0x0000000008003064        0x0 c:/st/stm32cubeide_1.7.0/stm32cubeide/plugins/com.st.stm32cube.ide.mcu.externaltools.gnu-tools-for-stm32.9-2020-q2-update.win32_2.0.0.202105311346/tools/bin/../lib/gcc/arm-none-eabi/9.3.1/thumb/v7-m/nofp/crtbegin.o

.rodata         0x0000000008003064       0x24
                0x0000000008003064                . = ALIGN (0x4)
 *(.rodata)
 *(.rodata*)
 .rodata.AHBPrescTable
                0x0000000008003064       0x10 ./Core/Src/system_stm32f1xx.o
                0x0000000008003064                AHBPrescTable
 .rodata.aPLLMULFactorTable.6032
                0x0000000008003074       0x10 ./Drivers/STM32F1xx_HAL_Driver/Src/stm32f1xx_hal_rcc.o
 .rodata.aPredivFactorTable.6033
                0x0000000008003084        0x2 ./Drivers/STM32F1xx_HAL_Driver/Src/stm32f1xx_hal_rcc.o
                0x0000000008003088                . = ALIGN (0x4)
 *fill*         0x0000000008003086        0x2 

.rel.dyn        0x0000000008003088        0x0
 .rel.iplt      0x0000000008003088        0x0 c:/st/stm32cubeide_1.7.0/stm32cubeide/plugins/com.st.stm32cube.ide.mcu.externaltools.gnu-tools-for-stm32.9-2020-q2-update.win32_2.0.0.202105311346/tools/bin/../lib/gcc/arm-none-eabi/9.3.1/thumb/v7-m/nofp/crtbegin.o

.ARM.extab      0x0000000008003088        0x0
                0x0000000008003088                . = ALIGN (0x4)
 *(.ARM.extab* .gnu.linkonce.armextab.*)
                0x0000000008003088                . = ALIGN (0x4)

.ARM            0x0000000008003088        0x0
                0x0000000008003088                . = ALIGN (0x4)
                0x0000000008003088                __exidx_start = .
 *(.ARM.exidx*)
                0x0000000008003088                __exidx_end = .
                0x0000000008003088                . = ALIGN (0x4)

.preinit_array  0x0000000008003088        0x0
                0x0000000008003088                . = ALIGN (0x4)
                0x0000000008003088                PROVIDE (__preinit_array_start = .)
 *(.preinit_array*)
                0x0000000008003088                PROVIDE (__preinit_array_end = .)
                0x0000000008003088                . = ALIGN (0x4)

.init_array     0x0000000008003088        0x4
                0x0000000008003088                . = ALIGN (0x4)
                0x0000000008003088                PROVIDE (__init_array_start = .)
 *(SORT_BY_NAME(.init_array.*))
 *(.init_array*)
 .init_array    0x0000000008003088        0x4 c:/st/stm32cubeide_1.7.0/stm32cubeide/plugins/com.st.stm32cube.ide.mcu.externaltools.gnu-tools-for-stm32.9-2020-q2-update.win32_2.0.0.202105311346/tools/bin/../lib/gcc/arm-none-eabi/9.3.1/thumb/v7-m/nofp/crtbegin.o
                0x000000000800308c                PROVIDE (__init_array_end = .)
                0x000000000800308c                . = ALIGN (0x4)

.fini_array     0x000000000800308c        0x4
                0x000000000800308c                . = ALIGN (0x4)
                [!provide]                        PROVIDE (__fini_array_start = .)
 *(SORT_BY_NAME(.fini_array.*))
 *(.fini_array*)
 .fini_array    0x000000000800308c        0x4 c:/st/stm32cubeide_1.7.0/stm32cubeide/plugins/com.st.stm32cube.ide.mcu.externaltools.gnu-tools-for-stm32.9-2020-q2-update.win32_2.0.0.202105311346/tools/bin/../lib/gcc/arm-none-eabi/9.3.1/thumb/v7-m/nofp/crtbegin.o
                [!provide]                        PROVIDE (__fini_array_end = .)
                0x0000000008003090                . = ALIGN (0x4)
                0x0000000008003090                _sidata = LOADADDR (.data)

.data           0x0000000020000000       0x20 load address 0x0000000008003090
                0x0000000020000000                . = ALIGN (0x4)
                0x0000000020000000                _sdata = .
 *(.data)
 *(.data*)
 .data.mode     0x0000000020000000        0x4 ./Core/Src/global.o
                0x0000000020000000                mode
 .data.TIME_RED
                0x0000000020000004        0x4 ./Core/Src/global.o
                0x0000000020000004                TIME_RED
 .data.TIME_YELLOW
                0x0000000020000008        0x4 ./Core/Src/global.o
                0x0000000020000008                TIME_YELLOW
 .data.TIME_GREEN
                0x000000002000000c        0x4 ./Core/Src/global.o
                0x000000002000000c                TIME_GREEN
 .data.TICK     0x0000000020000010        0x4 ./Core/Src/software_timer.o
                0x0000000020000010                TICK
 .data.SystemCoreClock
                0x0000000020000014        0x4 ./Core/Src/system_stm32f1xx.o
                0x0000000020000014                SystemCoreClock
 .data.uwTickPrio
                0x0000000020000018        0x4 ./Drivers/STM32F1xx_HAL_Driver/Src/stm32f1xx_hal.o
                0x0000000020000018                uwTickPrio
 .data.uwTickFreq
                0x000000002000001c        0x1 ./Drivers/STM32F1xx_HAL_Driver/Src/stm32f1xx_hal.o
                0x000000002000001c                uwTickFreq
 *(.RamFunc)
 *(.RamFunc*)
                0x0000000020000020                . = ALIGN (0x4)
 *fill*         0x000000002000001d        0x3 
                0x0000000020000020                _edata = .

.igot.plt       0x0000000020000020        0x0 load address 0x00000000080030b0
 .igot.plt      0x0000000020000020        0x0 c:/st/stm32cubeide_1.7.0/stm32cubeide/plugins/com.st.stm32cube.ide.mcu.externaltools.gnu-tools-for-stm32.9-2020-q2-update.win32_2.0.0.202105311346/tools/bin/../lib/gcc/arm-none-eabi/9.3.1/thumb/v7-m/nofp/crtbegin.o
                0x0000000020000020                . = ALIGN (0x4)

.bss            0x0000000020000020       0xf4 load address 0x00000000080030b0
                0x0000000020000020                _sbss = .
                0x0000000020000020                __bss_start__ = _sbss
 *(.bss)
 .bss           0x0000000020000020       0x1c c:/st/stm32cubeide_1.7.0/stm32cubeide/plugins/com.st.stm32cube.ide.mcu.externaltools.gnu-tools-for-stm32.9-2020-q2-update.win32_2.0.0.202105311346/tools/bin/../lib/gcc/arm-none-eabi/9.3.1/thumb/v7-m/nofp/crtbegin.o
 *(.bss*)
 .bss.button_flag
                0x000000002000003c        0xc ./Core/Src/button.o
                0x000000002000003c                button_flag
 .bss.num       0x0000000020000048        0x4 ./Core/Src/global.o
                0x0000000020000048                num
 .bss.status_system
                0x000000002000004c        0x4 ./Core/Src/global.o
                0x000000002000004c                status_system
 .bss.status    0x0000000020000050        0x4 ./Core/Src/global.o
                0x0000000020000050                status
 .bss.TIME_RED_tmp
                0x0000000020000054        0x4 ./Core/Src/global.o
                0x0000000020000054                TIME_RED_tmp
 .bss.TIME_YELLOW_tmp
                0x0000000020000058        0x4 ./Core/Src/global.o
                0x0000000020000058                TIME_YELLOW_tmp
 .bss.TIME_GREEN_tmp
                0x000000002000005c        0x4 ./Core/Src/global.o
                0x000000002000005c                TIME_GREEN_tmp
 .bss.led_buffer
                0x0000000020000060       0x18 ./Core/Src/global.o
                0x0000000020000060                led_buffer
 .bss.timer_flag1
                0x0000000020000078        0x4 ./Core/Src/software_timer.o
                0x0000000020000078                timer_flag1
 .bss.timer_counter1
                0x000000002000007c        0x4 ./Core/Src/software_timer.o
                0x000000002000007c                timer_counter1
 .bss.timer_flag2
                0x0000000020000080        0x4 ./Core/Src/software_timer.o
                0x0000000020000080                timer_flag2
 .bss.timer_counter2
                0x0000000020000084        0x4 ./Core/Src/software_timer.o
                0x0000000020000084                timer_counter2
 .bss.timer_flag3
                0x0000000020000088        0x4 ./Core/Src/software_timer.o
                0x0000000020000088                timer_flag3
 .bss.timer_counter3
                0x000000002000008c        0x4 ./Core/Src/software_timer.o
                0x000000002000008c                timer_counter3
 .bss.timer_flag4
                0x0000000020000090        0x4 ./Core/Src/software_timer.o
                0x0000000020000090                timer_flag4
 .bss.timer_counter4
                0x0000000020000094        0x4 ./Core/Src/software_timer.o
                0x0000000020000094                timer_counter4
 .bss.timer_flag5
                0x0000000020000098        0x4 ./Core/Src/software_timer.o
                0x0000000020000098                timer_flag5
 .bss.timer_counter5
                0x000000002000009c        0x4 ./Core/Src/software_timer.o
                0x000000002000009c                timer_counter5
 .bss.timer_flag6
                0x00000000200000a0        0x4 ./Core/Src/software_timer.o
                0x00000000200000a0                timer_flag6
 .bss.timer_counter6
                0x00000000200000a4        0x4 ./Core/Src/software_timer.o
                0x00000000200000a4                timer_counter6
 .bss.timer_flag7
                0x00000000200000a8        0x4 ./Core/Src/software_timer.o
                0x00000000200000a8                timer_flag7
 .bss.timer_counter7
                0x00000000200000ac        0x4 ./Core/Src/software_timer.o
                0x00000000200000ac                timer_counter7
 .bss.timer_flag8
                0x00000000200000b0        0x4 ./Core/Src/software_timer.o
                0x00000000200000b0                timer_flag8
 .bss.timer_counter8
                0x00000000200000b4        0x4 ./Core/Src/software_timer.o
                0x00000000200000b4                timer_counter8
 .bss.timer_flag9
                0x00000000200000b8        0x4 ./Core/Src/software_timer.o
                0x00000000200000b8                timer_flag9
 .bss.timer_counter9
                0x00000000200000bc        0x4 ./Core/Src/software_timer.o
                0x00000000200000bc                timer_counter9
 .bss.timer_flag10
                0x00000000200000c0        0x4 ./Core/Src/software_timer.o
                0x00000000200000c0                timer_flag10
 .bss.timer_counter10
                0x00000000200000c4        0x4 ./Core/Src/software_timer.o
                0x00000000200000c4                timer_counter10
 *(COMMON)
 COMMON         0x00000000200000c8       0x48 ./Core/Src/main.o
                0x00000000200000c8                htim2
 COMMON         0x0000000020000110        0x4 ./Drivers/STM32F1xx_HAL_Driver/Src/stm32f1xx_hal.o
                0x0000000020000110                uwTick
                0x0000000020000114                . = ALIGN (0x4)
                0x0000000020000114                _ebss = .
                0x0000000020000114                __bss_end__ = _ebss

._user_heap_stack
                0x0000000020000114      0x604 load address 0x00000000080030b0
                0x0000000020000118                . = ALIGN (0x8)
 *fill*         0x0000000020000114        0x4 
                [!provide]                        PROVIDE (end = .)
                0x0000000020000118                PROVIDE (_end = .)
                0x0000000020000318                . = (. + _Min_Heap_Size)
 *fill*         0x0000000020000118      0x200 
                0x0000000020000718                . = (. + _Min_Stack_Size)
 *fill*         0x0000000020000318      0x400 
                0x0000000020000718                . = ALIGN (0x8)

/DISCARD/
 libc.a(*)
 libm.a(*)
 libgcc.a(*)

.ARM.attributes
                0x0000000000000000       0x29
 *(.ARM.attributes)
 .ARM.attributes
                0x0000000000000000       0x1d c:/st/stm32cubeide_1.7.0/stm32cubeide/plugins/com.st.stm32cube.ide.mcu.externaltools.gnu-tools-for-stm32.9-2020-q2-update.win32_2.0.0.202105311346/tools/bin/../lib/gcc/arm-none-eabi/9.3.1/thumb/v7-m/nofp/crti.o
 .ARM.attributes
                0x000000000000001d       0x2d c:/st/stm32cubeide_1.7.0/stm32cubeide/plugins/com.st.stm32cube.ide.mcu.externaltools.gnu-tools-for-stm32.9-2020-q2-update.win32_2.0.0.202105311346/tools/bin/../lib/gcc/arm-none-eabi/9.3.1/thumb/v7-m/nofp/crtbegin.o
 .ARM.attributes
                0x000000000000004a       0x2d ./Core/Src/button.o
 .ARM.attributes
                0x0000000000000077       0x2d ./Core/Src/fsm_automatic.o
 .ARM.attributes
                0x00000000000000a4       0x2d ./Core/Src/fsm_manual.o
 .ARM.attributes
                0x00000000000000d1       0x33 ./Core/Src/global.o
 .ARM.attributes
                0x0000000000000104       0x2d ./Core/Src/leg7_seg.o
 .ARM.attributes
                0x0000000000000131       0x2d ./Core/Src/main.o
 .ARM.attributes
                0x000000000000015e       0x2d ./Core/Src/software_timer.o
 .ARM.attributes
                0x000000000000018b       0x2d ./Core/Src/stm32f1xx_hal_msp.o
 .ARM.attributes
                0x00000000000001b8       0x2d ./Core/Src/stm32f1xx_it.o
 .ARM.attributes
                0x00000000000001e5       0x2d ./Core/Src/system_stm32f1xx.o
 .ARM.attributes
                0x0000000000000212       0x2d ./Core/Src/traffic_light.o
 .ARM.attributes
                0x000000000000023f       0x21 ./Core/Startup/startup_stm32f103c6tx.o
 .ARM.attributes
                0x0000000000000260       0x2d ./Drivers/STM32F1xx_HAL_Driver/Src/stm32f1xx_hal.o
 .ARM.attributes
                0x000000000000028d       0x2d ./Drivers/STM32F1xx_HAL_Driver/Src/stm32f1xx_hal_cortex.o
 .ARM.attributes
                0x00000000000002ba       0x2d ./Drivers/STM32F1xx_HAL_Driver/Src/stm32f1xx_hal_gpio.o
 .ARM.attributes
                0x00000000000002e7       0x2d ./Drivers/STM32F1xx_HAL_Driver/Src/stm32f1xx_hal_rcc.o
 .ARM.attributes
                0x0000000000000314       0x2d ./Drivers/STM32F1xx_HAL_Driver/Src/stm32f1xx_hal_tim.o
 .ARM.attributes
                0x0000000000000341       0x2d ./Drivers/STM32F1xx_HAL_Driver/Src/stm32f1xx_hal_tim_ex.o
 .ARM.attributes
                0x000000000000036e       0x2d c:/st/stm32cubeide_1.7.0/stm32cubeide/plugins/com.st.stm32cube.ide.mcu.externaltools.gnu-tools-for-stm32.9-2020-q2-update.win32_2.0.0.202105311346/tools/bin/../lib/gcc/arm-none-eabi/9.3.1/../../../../arm-none-eabi/lib/thumb/v7-m/nofp\libc_nano.a(lib_a-init.o)
 .ARM.attributes
                0x000000000000039b       0x2d c:/st/stm32cubeide_1.7.0/stm32cubeide/plugins/com.st.stm32cube.ide.mcu.externaltools.gnu-tools-for-stm32.9-2020-q2-update.win32_2.0.0.202105311346/tools/bin/../lib/gcc/arm-none-eabi/9.3.1/../../../../arm-none-eabi/lib/thumb/v7-m/nofp\libc_nano.a(lib_a-memset.o)
 .ARM.attributes
                0x00000000000003c8       0x1d c:/st/stm32cubeide_1.7.0/stm32cubeide/plugins/com.st.stm32cube.ide.mcu.externaltools.gnu-tools-for-stm32.9-2020-q2-update.win32_2.0.0.202105311346/tools/bin/../lib/gcc/arm-none-eabi/9.3.1/thumb/v7-m/nofp/crtn.o
OUTPUT(LAB3.elf elf32-littlearm)
LOAD linker stubs
LOAD c:/st/stm32cubeide_1.7.0/stm32cubeide/plugins/com.st.stm32cube.ide.mcu.externaltools.gnu-tools-for-stm32.9-2020-q2-update.win32_2.0.0.202105311346/tools/bin/../lib/gcc/arm-none-eabi/9.3.1/../../../../arm-none-eabi/lib/thumb/v7-m/nofp\libc.a
LOAD c:/st/stm32cubeide_1.7.0/stm32cubeide/plugins/com.st.stm32cube.ide.mcu.externaltools.gnu-tools-for-stm32.9-2020-q2-update.win32_2.0.0.202105311346/tools/bin/../lib/gcc/arm-none-eabi/9.3.1/../../../../arm-none-eabi/lib/thumb/v7-m/nofp\libm.a
LOAD c:/st/stm32cubeide_1.7.0/stm32cubeide/plugins/com.st.stm32cube.ide.mcu.externaltools.gnu-tools-for-stm32.9-2020-q2-update.win32_2.0.0.202105311346/tools/bin/../lib/gcc/arm-none-eabi/9.3.1/thumb/v7-m/nofp\libgcc.a

.debug_info     0x0000000000000000     0xa33f
 .debug_info    0x0000000000000000      0x518 ./Core/Src/button.o
 .debug_info    0x0000000000000518      0x351 ./Core/Src/fsm_automatic.o
 .debug_info    0x0000000000000869      0x373 ./Core/Src/fsm_manual.o
 .debug_info    0x0000000000000bdc      0x3b7 ./Core/Src/global.o
 .debug_info    0x0000000000000f93      0x4ef ./Core/Src/leg7_seg.o
 .debug_info    0x0000000000001482      0xd53 ./Core/Src/main.o
 .debug_info    0x00000000000021d5      0x3dd ./Core/Src/software_timer.o
 .debug_info    0x00000000000025b2      0xa09 ./Core/Src/stm32f1xx_hal_msp.o
 .debug_info    0x0000000000002fbb      0x7b9 ./Core/Src/stm32f1xx_it.o
 .debug_info    0x0000000000003774      0x2be ./Core/Src/system_stm32f1xx.o
 .debug_info    0x0000000000003a32      0x49c ./Core/Src/traffic_light.o
 .debug_info    0x0000000000003ece       0x22 ./Core/Startup/startup_stm32f103c6tx.o
 .debug_info    0x0000000000003ef0      0x74c ./Drivers/STM32F1xx_HAL_Driver/Src/stm32f1xx_hal.o
 .debug_info    0x000000000000463c      0xbbe ./Drivers/STM32F1xx_HAL_Driver/Src/stm32f1xx_hal_cortex.o
 .debug_info    0x00000000000051fa      0x701 ./Drivers/STM32F1xx_HAL_Driver/Src/stm32f1xx_hal_gpio.o
 .debug_info    0x00000000000058fb      0x893 ./Drivers/STM32F1xx_HAL_Driver/Src/stm32f1xx_hal_rcc.o
 .debug_info    0x000000000000618e     0x2c32 ./Drivers/STM32F1xx_HAL_Driver/Src/stm32f1xx_hal_tim.o
 .debug_info    0x0000000000008dc0     0x157f ./Drivers/STM32F1xx_HAL_Driver/Src/stm32f1xx_hal_tim_ex.o

.debug_abbrev   0x0000000000000000     0x1c85
 .debug_abbrev  0x0000000000000000      0x1b3 ./Core/Src/button.o
 .debug_abbrev  0x00000000000001b3       0xce ./Core/Src/fsm_automatic.o
 .debug_abbrev  0x0000000000000281       0xf9 ./Core/Src/fsm_manual.o
 .debug_abbrev  0x000000000000037a       0xc1 ./Core/Src/global.o
 .debug_abbrev  0x000000000000043b      0x1a9 ./Core/Src/leg7_seg.o
 .debug_abbrev  0x00000000000005e4      0x244 ./Core/Src/main.o
 .debug_abbrev  0x0000000000000828       0xa3 ./Core/Src/software_timer.o
 .debug_abbrev  0x00000000000008cb      0x1b7 ./Core/Src/stm32f1xx_hal_msp.o
 .debug_abbrev  0x0000000000000a82      0x176 ./Core/Src/stm32f1xx_it.o
 .debug_abbrev  0x0000000000000bf8      0x14e ./Core/Src/system_stm32f1xx.o
 .debug_abbrev  0x0000000000000d46      0x10e ./Core/Src/traffic_light.o
 .debug_abbrev  0x0000000000000e54       0x12 ./Core/Startup/startup_stm32f103c6tx.o
 .debug_abbrev  0x0000000000000e66      0x1ed ./Drivers/STM32F1xx_HAL_Driver/Src/stm32f1xx_hal.o
 .debug_abbrev  0x0000000000001053      0x313 ./Drivers/STM32F1xx_HAL_Driver/Src/stm32f1xx_hal_cortex.o
 .debug_abbrev  0x0000000000001366      0x1e8 ./Drivers/STM32F1xx_HAL_Driver/Src/stm32f1xx_hal_gpio.o
 .debug_abbrev  0x000000000000154e      0x273 ./Drivers/STM32F1xx_HAL_Driver/Src/stm32f1xx_hal_rcc.o
 .debug_abbrev  0x00000000000017c1      0x25e ./Drivers/STM32F1xx_HAL_Driver/Src/stm32f1xx_hal_tim.o
 .debug_abbrev  0x0000000000001a1f      0x266 ./Drivers/STM32F1xx_HAL_Driver/Src/stm32f1xx_hal_tim_ex.o

.debug_aranges  0x0000000000000000      0xb18
 .debug_aranges
                0x0000000000000000       0x38 ./Core/Src/button.o
 .debug_aranges
                0x0000000000000038       0x20 ./Core/Src/fsm_automatic.o
 .debug_aranges
                0x0000000000000058       0x28 ./Core/Src/fsm_manual.o
 .debug_aranges
                0x0000000000000080       0x18 ./Core/Src/global.o
 .debug_aranges
                0x0000000000000098       0x68 ./Core/Src/leg7_seg.o
 .debug_aranges
                0x0000000000000100       0x48 ./Core/Src/main.o
 .debug_aranges
                0x0000000000000148       0x70 ./Core/Src/software_timer.o
 .debug_aranges
                0x00000000000001b8       0x30 ./Core/Src/stm32f1xx_hal_msp.o
 .debug_aranges
                0x00000000000001e8       0x68 ./Core/Src/stm32f1xx_it.o
 .debug_aranges
                0x0000000000000250       0x28 ./Core/Src/system_stm32f1xx.o
 .debug_aranges
                0x0000000000000278       0x78 ./Core/Src/traffic_light.o
 .debug_aranges
                0x00000000000002f0       0x28 ./Core/Startup/startup_stm32f103c6tx.o
 .debug_aranges
                0x0000000000000318       0xe0 ./Drivers/STM32F1xx_HAL_Driver/Src/stm32f1xx_hal.o
 .debug_aranges
                0x00000000000003f8      0x100 ./Drivers/STM32F1xx_HAL_Driver/Src/stm32f1xx_hal_cortex.o
 .debug_aranges
                0x00000000000004f8       0x58 ./Drivers/STM32F1xx_HAL_Driver/Src/stm32f1xx_hal_gpio.o
 .debug_aranges
                0x0000000000000550       0x90 ./Drivers/STM32F1xx_HAL_Driver/Src/stm32f1xx_hal_rcc.o
 .debug_aranges
                0x00000000000005e0      0x3d0 ./Drivers/STM32F1xx_HAL_Driver/Src/stm32f1xx_hal_tim.o
 .debug_aranges
                0x00000000000009b0      0x168 ./Drivers/STM32F1xx_HAL_Driver/Src/stm32f1xx_hal_tim_ex.o

.debug_ranges   0x0000000000000000      0x9f8
 .debug_ranges  0x0000000000000000       0x28 ./Core/Src/button.o
 .debug_ranges  0x0000000000000028       0x10 ./Core/Src/fsm_automatic.o
 .debug_ranges  0x0000000000000038       0x18 ./Core/Src/fsm_manual.o
 .debug_ranges  0x0000000000000050       0x58 ./Core/Src/leg7_seg.o
 .debug_ranges  0x00000000000000a8       0x38 ./Core/Src/main.o
 .debug_ranges  0x00000000000000e0       0x60 ./Core/Src/software_timer.o
 .debug_ranges  0x0000000000000140       0x20 ./Core/Src/stm32f1xx_hal_msp.o
 .debug_ranges  0x0000000000000160       0x58 ./Core/Src/stm32f1xx_it.o
 .debug_ranges  0x00000000000001b8       0x18 ./Core/Src/system_stm32f1xx.o
 .debug_ranges  0x00000000000001d0       0x68 ./Core/Src/traffic_light.o
 .debug_ranges  0x0000000000000238       0x20 ./Core/Startup/startup_stm32f103c6tx.o
 .debug_ranges  0x0000000000000258       0xd0 ./Drivers/STM32F1xx_HAL_Driver/Src/stm32f1xx_hal.o
 .debug_ranges  0x0000000000000328       0xf0 ./Drivers/STM32F1xx_HAL_Driver/Src/stm32f1xx_hal_cortex.o
 .debug_ranges  0x0000000000000418       0x48 ./Drivers/STM32F1xx_HAL_Driver/Src/stm32f1xx_hal_gpio.o
 .debug_ranges  0x0000000000000460       0x80 ./Drivers/STM32F1xx_HAL_Driver/Src/stm32f1xx_hal_rcc.o
 .debug_ranges  0x00000000000004e0      0x3c0 ./Drivers/STM32F1xx_HAL_Driver/Src/stm32f1xx_hal_tim.o
 .debug_ranges  0x00000000000008a0      0x158 ./Drivers/STM32F1xx_HAL_Driver/Src/stm32f1xx_hal_tim_ex.o

.debug_macro    0x0000000000000000    0x16fe5
 .debug_macro   0x0000000000000000      0x1e6 ./Core/Src/button.o
 .debug_macro   0x00000000000001e6      0xa9c ./Core/Src/button.o
 .debug_macro   0x0000000000000c82      0x215 ./Core/Src/button.o
 .debug_macro   0x0000000000000e97       0x2e ./Core/Src/button.o
 .debug_macro   0x0000000000000ec5       0x22 ./Core/Src/button.o
 .debug_macro   0x0000000000000ee7       0x22 ./Core/Src/button.o
 .debug_macro   0x0000000000000f09       0x8e ./Core/Src/button.o
 .debug_macro   0x0000000000000f97       0x51 ./Core/Src/button.o
 .debug_macro   0x0000000000000fe8      0x103 ./Core/Src/button.o
 .debug_macro   0x00000000000010eb       0x6a ./Core/Src/button.o
 .debug_macro   0x0000000000001155      0x1df ./Core/Src/button.o
 .debug_macro   0x0000000000001334       0x1c ./Core/Src/button.o
 .debug_macro   0x0000000000001350       0x22 ./Core/Src/button.o
 .debug_macro   0x0000000000001372       0xc3 ./Core/Src/button.o
 .debug_macro   0x0000000000001435      0xd23 ./Core/Src/button.o
 .debug_macro   0x0000000000002158     0xde75 ./Core/Src/button.o
 .debug_macro   0x000000000000ffcd       0x6d ./Core/Src/button.o
 .debug_macro   0x000000000001003a     0x34a2 ./Core/Src/button.o
 .debug_macro   0x00000000000134dc      0x174 ./Core/Src/button.o
 .debug_macro   0x0000000000013650       0x5c ./Core/Src/button.o
 .debug_macro   0x00000000000136ac      0x5bc ./Core/Src/button.o
 .debug_macro   0x0000000000013c68      0x1b7 ./Core/Src/button.o
 .debug_macro   0x0000000000013e1f      0x1cb ./Core/Src/button.o
 .debug_macro   0x0000000000013fea      0x114 ./Core/Src/button.o
 .debug_macro   0x00000000000140fe      0x1b2 ./Core/Src/button.o
 .debug_macro   0x00000000000142b0       0x27 ./Core/Src/button.o
 .debug_macro   0x00000000000142d7      0x12f ./Core/Src/button.o
 .debug_macro   0x0000000000014406      0x1bc ./Core/Src/button.o
 .debug_macro   0x00000000000145c2       0x34 ./Core/Src/button.o
 .debug_macro   0x00000000000145f6       0x3c ./Core/Src/button.o
 .debug_macro   0x0000000000014632       0x57 ./Core/Src/button.o
 .debug_macro   0x0000000000014689       0x87 ./Core/Src/button.o
 .debug_macro   0x0000000000014710      0x183 ./Core/Src/button.o
 .debug_macro   0x0000000000014893      0x140 ./Core/Src/button.o
 .debug_macro   0x00000000000149d3      0x8ed ./Core/Src/button.o
 .debug_macro   0x00000000000152c0       0x69 ./Core/Src/button.o
 .debug_macro   0x0000000000015329      0x154 ./Core/Src/button.o
 .debug_macro   0x000000000001547d       0x5e ./Core/Src/button.o
 .debug_macro   0x00000000000154db       0x16 ./Core/Src/button.o
 .debug_macro   0x00000000000154f1      0x1ee ./Core/Src/fsm_automatic.o
 .debug_macro   0x00000000000156df       0x1c ./Core/Src/fsm_automatic.o
 .debug_macro   0x00000000000156fb      0x1f4 ./Core/Src/fsm_manual.o
 .debug_macro   0x00000000000158ef      0x1d7 ./Core/Src/global.o
 .debug_macro   0x0000000000015ac6      0x1fe ./Core/Src/leg7_seg.o
 .debug_macro   0x0000000000015cc4      0x212 ./Core/Src/main.o
 .debug_macro   0x0000000000015ed6       0x1b ./Core/Src/software_timer.o
 .debug_macro   0x0000000000015ef1      0x1a6 ./Core/Src/stm32f1xx_hal_msp.o
 .debug_macro   0x0000000000016097      0x1b0 ./Core/Src/stm32f1xx_it.o
 .debug_macro   0x0000000000016247      0x197 ./Core/Src/system_stm32f1xx.o
 .debug_macro   0x00000000000163de      0x1db ./Core/Src/traffic_light.o
 .debug_macro   0x00000000000165b9      0x1bb ./Drivers/STM32F1xx_HAL_Driver/Src/stm32f1xx_hal.o
 .debug_macro   0x0000000000016774      0x197 ./Drivers/STM32F1xx_HAL_Driver/Src/stm32f1xx_hal_cortex.o
 .debug_macro   0x000000000001690b      0x202 ./Drivers/STM32F1xx_HAL_Driver/Src/stm32f1xx_hal_gpio.o
 .debug_macro   0x0000000000016b0d      0x1a9 ./Drivers/STM32F1xx_HAL_Driver/Src/stm32f1xx_hal_rcc.o
 .debug_macro   0x0000000000016cb6      0x198 ./Drivers/STM32F1xx_HAL_Driver/Src/stm32f1xx_hal_tim.o
 .debug_macro   0x0000000000016e4e      0x197 ./Drivers/STM32F1xx_HAL_Driver/Src/stm32f1xx_hal_tim_ex.o

.debug_line     0x0000000000000000     0xc4f4
 .debug_line    0x0000000000000000      0x77b ./Core/Src/button.o
 .debug_line    0x000000000000077b      0x71e ./Core/Src/fsm_automatic.o
 .debug_line    0x0000000000000e99      0x801 ./Core/Src/fsm_manual.o
 .debug_line    0x000000000000169a      0x682 ./Core/Src/global.o
 .debug_line    0x0000000000001d1c      0xa57 ./Core/Src/leg7_seg.o
 .debug_line    0x0000000000002773      0x7e7 ./Core/Src/main.o
 .debug_line    0x0000000000002f5a      0x24d ./Core/Src/software_timer.o
 .debug_line    0x00000000000031a7      0x6a1 ./Core/Src/stm32f1xx_hal_msp.o
 .debug_line    0x0000000000003848      0x73f ./Core/Src/stm32f1xx_it.o
 .debug_line    0x0000000000003f87      0x6e3 ./Core/Src/system_stm32f1xx.o
 .debug_line    0x000000000000466a      0x7c6 ./Core/Src/traffic_light.o
 .debug_line    0x0000000000004e30       0x86 ./Core/Startup/startup_stm32f103c6tx.o
 .debug_line    0x0000000000004eb6      0x910 ./Drivers/STM32F1xx_HAL_Driver/Src/stm32f1xx_hal.o
 .debug_line    0x00000000000057c6      0xaf8 ./Drivers/STM32F1xx_HAL_Driver/Src/stm32f1xx_hal_cortex.o
 .debug_line    0x00000000000062be      0x993 ./Drivers/STM32F1xx_HAL_Driver/Src/stm32f1xx_hal_gpio.o
 .debug_line    0x0000000000006c51      0xd1c ./Drivers/STM32F1xx_HAL_Driver/Src/stm32f1xx_hal_rcc.o
 .debug_line    0x000000000000796d     0x3361 ./Drivers/STM32F1xx_HAL_Driver/Src/stm32f1xx_hal_tim.o
 .debug_line    0x000000000000acce     0x1826 ./Drivers/STM32F1xx_HAL_Driver/Src/stm32f1xx_hal_tim_ex.o

.debug_str      0x0000000000000000    0x82802
 .debug_str     0x0000000000000000    0x7fc44 ./Core/Src/button.o
                                      0x7ff9e (size before relaxing)
 .debug_str     0x000000000007fc44       0x40 ./Core/Src/fsm_automatic.o
                                      0x7fef7 (size before relaxing)
 .debug_str     0x000000000007fc84       0x47 ./Core/Src/fsm_manual.o
                                      0x7ff14 (size before relaxing)
 .debug_str     0x000000000007fccb       0x15 ./Core/Src/global.o
                                      0x7fe66 (size before relaxing)
 .debug_str     0x000000000007fce0       0xa1 ./Core/Src/leg7_seg.o
                                      0x7ffb5 (size before relaxing)
 .debug_str     0x000000000007fd81      0x6df ./Core/Src/main.o
                                      0x806b6 (size before relaxing)
 .debug_str     0x0000000000080460       0x94 ./Core/Src/software_timer.o
                                       0x2f13 (size before relaxing)
 .debug_str     0x00000000000804f4      0x2ba ./Core/Src/stm32f1xx_hal_msp.o
                                      0x803d9 (size before relaxing)
 .debug_str     0x00000000000807ae       0xcd ./Core/Src/stm32f1xx_it.o
                                      0x8013b (size before relaxing)
 .debug_str     0x000000000008087b       0x52 ./Core/Src/system_stm32f1xx.o
                                      0x7f772 (size before relaxing)
 .debug_str     0x00000000000808cd       0xc1 ./Core/Src/traffic_light.o
                                      0x7ff59 (size before relaxing)
 .debug_str     0x000000000008098e       0x36 ./Core/Startup/startup_stm32f103c6tx.o
                                         0x66 (size before relaxing)
 .debug_str     0x00000000000809c4      0x304 ./Drivers/STM32F1xx_HAL_Driver/Src/stm32f1xx_hal.o
                                      0x7fdc9 (size before relaxing)
 .debug_str     0x0000000000080cc8      0x300 ./Drivers/STM32F1xx_HAL_Driver/Src/stm32f1xx_hal_cortex.o
                                      0x7fdd1 (size before relaxing)
 .debug_str     0x0000000000080fc8      0x31f ./Drivers/STM32F1xx_HAL_Driver/Src/stm32f1xx_hal_gpio.o
                                      0x7fb36 (size before relaxing)
 .debug_str     0x00000000000812e7      0x24f ./Drivers/STM32F1xx_HAL_Driver/Src/stm32f1xx_hal_rcc.o
                                      0x7fb6f (size before relaxing)
 .debug_str     0x0000000000081536      0xdde ./Drivers/STM32F1xx_HAL_Driver/Src/stm32f1xx_hal_tim.o
                                      0x80b58 (size before relaxing)
 .debug_str     0x0000000000082314      0x4ee ./Drivers/STM32F1xx_HAL_Driver/Src/stm32f1xx_hal_tim_ex.o
                                      0x802f9 (size before relaxing)

.comment        0x0000000000000000       0x53
 .comment       0x0000000000000000       0x53 ./Core/Src/button.o
                                         0x54 (size before relaxing)
 .comment       0x0000000000000053       0x54 ./Core/Src/fsm_automatic.o
 .comment       0x0000000000000053       0x54 ./Core/Src/fsm_manual.o
 .comment       0x0000000000000053       0x54 ./Core/Src/global.o
 .comment       0x0000000000000053       0x54 ./Core/Src/leg7_seg.o
 .comment       0x0000000000000053       0x54 ./Core/Src/main.o
 .comment       0x0000000000000053       0x54 ./Core/Src/software_timer.o
 .comment       0x0000000000000053       0x54 ./Core/Src/stm32f1xx_hal_msp.o
 .comment       0x0000000000000053       0x54 ./Core/Src/stm32f1xx_it.o
 .comment       0x0000000000000053       0x54 ./Core/Src/system_stm32f1xx.o
 .comment       0x0000000000000053       0x54 ./Core/Src/traffic_light.o
 .comment       0x0000000000000053       0x54 ./Drivers/STM32F1xx_HAL_Driver/Src/stm32f1xx_hal.o
 .comment       0x0000000000000053       0x54 ./Drivers/STM32F1xx_HAL_Driver/Src/stm32f1xx_hal_cortex.o
 .comment       0x0000000000000053       0x54 ./Drivers/STM32F1xx_HAL_Driver/Src/stm32f1xx_hal_gpio.o
 .comment       0x0000000000000053       0x54 ./Drivers/STM32F1xx_HAL_Driver/Src/stm32f1xx_hal_rcc.o
 .comment       0x0000000000000053       0x54 ./Drivers/STM32F1xx_HAL_Driver/Src/stm32f1xx_hal_tim.o
 .comment       0x0000000000000053       0x54 ./Drivers/STM32F1xx_HAL_Driver/Src/stm32f1xx_hal_tim_ex.o

.debug_frame    0x0000000000000000     0x2b64
 .debug_frame   0x0000000000000000       0xac ./Core/Src/button.o
 .debug_frame   0x00000000000000ac       0x2c ./Core/Src/fsm_automatic.o
 .debug_frame   0x00000000000000d8       0x50 ./Core/Src/fsm_manual.o
 .debug_frame   0x0000000000000128      0x158 ./Core/Src/leg7_seg.o
 .debug_frame   0x0000000000000280       0xd4 ./Core/Src/main.o
 .debug_frame   0x0000000000000354      0x1c0 ./Core/Src/software_timer.o
 .debug_frame   0x0000000000000514       0x80 ./Core/Src/stm32f1xx_hal_msp.o
 .debug_frame   0x0000000000000594      0x120 ./Core/Src/stm32f1xx_it.o
 .debug_frame   0x00000000000006b4       0x58 ./Core/Src/system_stm32f1xx.o
 .debug_frame   0x000000000000070c      0x160 ./Core/Src/traffic_light.o
 .debug_frame   0x000000000000086c      0x334 ./Drivers/STM32F1xx_HAL_Driver/Src/stm32f1xx_hal.o
 .debug_frame   0x0000000000000ba0      0x428 ./Drivers/STM32F1xx_HAL_Driver/Src/stm32f1xx_hal_cortex.o
 .debug_frame   0x0000000000000fc8      0x14c ./Drivers/STM32F1xx_HAL_Driver/Src/stm32f1xx_hal_gpio.o
 .debug_frame   0x0000000000001114      0x218 ./Drivers/STM32F1xx_HAL_Driver/Src/stm32f1xx_hal_rcc.o
 .debug_frame   0x000000000000132c     0x11b4 ./Drivers/STM32F1xx_HAL_Driver/Src/stm32f1xx_hal_tim.o
 .debug_frame   0x00000000000024e0      0x638 ./Drivers/STM32F1xx_HAL_Driver/Src/stm32f1xx_hal_tim_ex.o
 .debug_frame   0x0000000000002b18       0x2c c:/st/stm32cubeide_1.7.0/stm32cubeide/plugins/com.st.stm32cube.ide.mcu.externaltools.gnu-tools-for-stm32.9-2020-q2-update.win32_2.0.0.202105311346/tools/bin/../lib/gcc/arm-none-eabi/9.3.1/../../../../arm-none-eabi/lib/thumb/v7-m/nofp\libc_nano.a(lib_a-init.o)
 .debug_frame   0x0000000000002b44       0x20 c:/st/stm32cubeide_1.7.0/stm32cubeide/plugins/com.st.stm32cube.ide.mcu.externaltools.gnu-tools-for-stm32.9-2020-q2-update.win32_2.0.0.202105311346/tools/bin/../lib/gcc/arm-none-eabi/9.3.1/../../../../arm-none-eabi/lib/thumb/v7-m/nofp\libc_nano.a(lib_a-memset.o)
