18:15:00 **** Incremental Build of configuration Debug for project EX2 ****
make -j8 all 
arm-none-eabi-gcc "../Core/Src/main.c" -mcpu=cortex-m3 -std=gnu11 -g3 -DDEBUG -DUSE_HAL_DRIVER -DSTM32F103x6 -c -I../Core/Inc -I../Drivers/STM32F1xx_HAL_Driver/Inc -I../Drivers/STM32F1xx_HAL_Driver/Inc/Legacy -I../Drivers/CMSIS/Device/ST/STM32F1xx/Include -I../Drivers/CMSIS/Include -O0 -ffunction-sections -fdata-sections -Wall -fstack-usage -MMD -MP -MF"Core/Src/main.d" -MT"Core/Src/main.o" --specs=nano.specs -mfloat-abi=soft -mthumb -o "Core/Src/main.o"
arm-none-eabi-gcc -o "EX2.elf" @"objects.list"   -mcpu=cortex-m3 -T"C:\Users\Admin\Desktop\LAB VXL\LAB 1\BAI2\source\EX2\STM32F103C6TX_FLASH.ld" --specs=nosys.specs -Wl,-Map="EX2.map" -Wl,--gc-sections -static --specs=nano.specs -mfloat-abi=soft -mthumb -Wl,--start-group -lc -lm -Wl,--end-group
Finished building target: EX2.elf
 
arm-none-eabi-size   EX2.elf 
arm-none-eabi-objdump -h -S  EX2.elf  > "EX2.list"
arm-none-eabi-objcopy  -O ihex  EX2.elf  "EX2.hex"
arm-none-eabi-objcopy  -O binary  EX2.elf  "EX2.bin"
   text	   data	    bss	    dec	    hex	filename
   4716	     20	   1572	   6308	   18a4	EX2.elf
Finished building: default.size.stdout
 
Finished building: EX2.hex
Finished building: EX2.bin
 
 
Finished building: EX2.list
 

18:15:01 Build Finished. 0 errors, 0 warnings. (took 810ms)

